[95m==================================================
      AI ARCHITECTURE & HYGIENE REVIEWER
==================================================[0m
Repositorio: C:\Users\soyko\Documents\repo-hygiene
[96m>> Generando mapa hol├¡stico de la estructura de repo-hygiene...[0m
[96m>> Recopilando archivos del c├│digo fuente...[0m
   Se cargaron 6 archivos de c├│digo en bruto.
   Se seleccionaron 6 archivos clave (~ 20225 caracteres) para el contexto del LLM.

[94m=== Invocando Ollama (qwen2.5-coder:7b-instruct, num_ctx=32768) ===[0m

[92mÔ£ô Revisi├│n de arquitectura completada exitosamente![0m
Informe guardado en: .reports\ai_review\repo-hygiene_ai_review.md
